[2026-09-25 02:07:38]	settle	player=tester	game=DICE	stake=10000	payout=19798	profit=9798	clientSeed=client	serverSeedHash=b3eacd33433b31b5252351032c9b3e7a2e7aa7738d5decdf0dd6c62680853c06	nonce=0	detail=over=50 roll=95.55
[2026-09-25 02:07:38]	settle	player=tester	game=DICE	stake=10000	payout=19798	profit=9798	clientSeed=client	serverSeedHash=b3eacd33433b31b5252351032c9b3e7a2e7aa7738d5decdf0dd6c62680853c06	nonce=0	detail=over=50 roll=95.55
[2026-09-25 02:07:38]	settle	player=tester	game=DICE	stake=10000	payout=19798	profit=9798	clientSeed=client	serverSeedHash=b3eacd33433b31b5252351032c9b3e7a2e7aa7738d5decdf0dd6c62680853c06	nonce=1	detail=over=50 roll=78.49
[2026-09-25 02:07:38]	settle	player=tester	game=DICE	stake=10000	payout=0	profit=-10000	clientSeed=client	serverSeedHash=b3eacd33433b31b5252351032c9b3e7a2e7aa7738d5decdf0dd6c62680853c06	nonce=0	detail=over=96 roll=95.55
[2026-09-25 02:07:38]	settle	player=tester	game=DICE	stake=10000	payout=19798	profit=9798	clientSeed=client	serverSeedHash=b3eacd33433b31b5252351032c9b3e7a2e7aa7738d5decdf0dd6c62680853c06	nonce=0	detail=over=50 roll=95.55
[2026-09-25 02:07:38]	settle	player=tester	game=MINES	stake=10000	payout=245000	profit=235000	clientSeed=client	serverSeedHash=b3eacd33433b31b5252351032c9b3e7a2e7aa7738d5decdf0dd6c62680853c06	nonce=0	detail=mines=24 gems=1 cleared
[2026-09-25 02:07:38]	settle	player=tester	game=DICE	stake=10000	payout=19798	profit=9798	clientSeed=client	serverSeedHash=b3eacd33433b31b5252351032c9b3e7a2e7aa7738d5decdf0dd6c62680853c06	nonce=0	detail=over=50 roll=95.55
[2026-09-25 02:07:38]	settle	player=tester	game=DICE	stake=10000	payout=19798	profit=9798	clientSeed=client	serverSeedHash=b3eacd33433b31b5252351032c9b3e7a2e7aa7738d5decdf0dd6c62680853c06	nonce=1	detail=over=50 roll=78.49
[2026-09-25 02:07:38]	settle	player=tester	game=MINES	stake=10000	payout=0	profit=-10000	clientSeed=client	serverSeedHash=b3eacd33433b31b5252351032c9b3e7a2e7aa7738d5decdf0dd6c62680853c06	nonce=0	detail=mines=3 gems=0 hit=9
[2026-09-25 02:07:38]	settle	player=tester	game=DICE	stake=10000	payout=19798	profit=9798	clientSeed=client	serverSeedHash=b3eacd33433b31b5252351032c9b3e7a2e7aa7738d5decdf0dd6c62680853c06	nonce=0	detail=over=50 roll=95.55
[2026-09-25 02:07:38]	reveal	player=tester	serverSeed=server	serverSeedHash=b3eacd33433b31b5252351032c9b3e7a2e7aa7738d5decdf0dd6c62680853c06	rounds=1
[2026-09-25 02:07:38]	settle	player=tester	game=MINES	stake=10000	payout=12727	profit=2727	clientSeed=client	serverSeedHash=b3eacd33433b31b5252351032c9b3e7a2e7aa7738d5decdf0dd6c62680853c06	nonce=0	detail=mines=3 gems=2 cashout
[2026-09-25 02:07:38]	settle	player=tester	game=MINES	stake=10000	payout=0	profit=-10000	clientSeed=client	serverSeedHash=b3eacd33433b31b5252351032c9b3e7a2e7aa7738d5decdf0dd6c62680853c06	nonce=0	detail=mines=3 gems=0 hit=9
[2026-09-25 02:07:38]	settle	player=tester	game=BLACKJACK	stake=10000	payout=0	profit=-10000	clientSeed=client	serverSeedHash=b3eacd33433b31b5252351032c9b3e7a2e7aa7738d5decdf0dd6c62680853c06	nonce=0	detail=dealer=18 hands=14
[2026-09-25 02:07:38]	settle	player=tester	game=BLACKJACK	stake=10000	payout=0	profit=-10000	clientSeed=client	serverSeedHash=b3eacd33433b31b5252351032c9b3e7a2e7aa7738d5decdf0dd6c62680853c06	nonce=0	detail=dealer=18 hands=14
[2026-09-25 02:07:38]	settle	player=tester	game=DICE	stake=1000	payout=1979	profit=979	clientSeed=client	serverSeedHash=b3eacd33433b31b5252351032c9b3e7a2e7aa7738d5decdf0dd6c62680853c06	nonce=0	detail=over=50 roll=95.55
[2026-09-25 02:07:38]	settle	player=tester	game=DICE	stake=1000	payout=1979	profit=979	clientSeed=client	serverSeedHash=b3eacd33433b31b5252351032c9b3e7a2e7aa7738d5decdf0dd6c62680853c06	nonce=1	detail=over=50 roll=78.49
[2026-09-25 02:07:38]	settle	player=tester	game=DICE	stake=1000	payout=0	profit=-1000	clientSeed=client	serverSeedHash=b3eacd33433b31b5252351032c9b3e7a2e7aa7738d5decdf0dd6c62680853c06	nonce=2	detail=over=50 roll=36.13
[2026-09-25 02:07:38]	settle	player=tester	game=DICE	stake=1000	payout=0	profit=-1000	clientSeed=client	serverSeedHash=b3eacd33433b31b5252351032c9b3e7a2e7aa7738d5decdf0dd6c62680853c06	nonce=3	detail=over=50 roll=30.92
[2026-09-25 02:07:38]	settle	player=tester	game=DICE	stake=1000	payout=1979	profit=979	clientSeed=client	serverSeedHash=b3eacd33433b31b5252351032c9b3e7a2e7aa7738d5decdf0dd6c62680853c06	nonce=4	detail=over=50 roll=88.61
[2026-09-25 02:07:38]	settle	player=tester	game=DICE	stake=1000	payout=1979	profit=979	clientSeed=client	serverSeedHash=b3eacd33433b31b5252351032c9b3e7a2e7aa7738d5decdf0dd6c62680853c06	nonce=5	detail=over=50 roll=63.62
[2026-09-25 02:07:38]	settle	player=tester	game=DICE	stake=1000	payout=1979	profit=979	clientSeed=client	serverSeedHash=b3eacd33433b31b5252351032c9b3e7a2e7aa7738d5decdf0dd6c62680853c06	nonce=6	detail=over=50 roll=96.38
[2026-09-25 02:07:38]	settle	player=tester	game=DICE	stake=1000	payout=1979	profit=979	clientSeed=client	serverSeedHash=b3eacd33433b31b5252351032c9b3e7a2e7aa7738d5decdf0dd6c62680853c06	nonce=7	detail=over=50 roll=88.77
[2026-09-25 02:07:38]	settle	player=tester	game=DICE	stake=1000	payout=1979	profit=979	clientSeed=client	serverSeedHash=b3eacd33433b31b5252351032c9b3e7a2e7aa7738d5decdf0dd6c62680853c06	nonce=8	detail=over=50 roll=66.27
[2026-09-25 02:07:38]	settle	player=tester	game=DICE	stake=1000	payout=0	profit=-1000	clientSeed=client	serverSeedHash=b3eacd33433b31b5252351032c9b3e7a2e7aa7738d5decdf0dd6c62680853c06	nonce=9	detail=over=50 roll=11.98
[2026-09-25 02:07:38]	settle	player=tester	game=DICE	stake=1000	payout=1979	profit=979	clientSeed=client	serverSeedHash=b3eacd33433b31b5252351032c9b3e7a2e7aa7738d5decdf0dd6c62680853c06	nonce=10	detail=over=50 roll=79.72
[2026-09-25 02:07:38]	settle	player=tester	game=DICE	stake=1000	payout=0	profit=-1000	clientSeed=client	serverSeedHash=b3eacd33433b31b5252351032c9b3e7a2e7aa7738d5decdf0dd6c62680853c06	nonce=11	detail=over=50 roll=17.82
[2026-09-25 02:07:38]	settle	player=tester	game=DICE	stake=1000	payout=1979	profit=979	clientSeed=client	serverSeedHash=b3eacd33433b31b5252351032c9b3e7a2e7aa7738d5decdf0dd6c62680853c06	nonce=12	detail=over=50 roll=92.43
[2026-09-25 02:07:38]	settle	player=tester	game=DICE	stake=1000	payout=1979	profit=979	clientSeed=client	serverSeedHash=b3eacd33433b31b5252351032c9b3e7a2e7aa7738d5decdf0dd6c62680853c06	nonce=13	detail=over=50 roll=67.24
[2026-09-25 02:07:38]	settle	player=tester	game=DICE	stake=1000	payout=0	profit=-1000	clientSeed=client	serverSeedHash=b3eacd33433b31b5252351032c9b3e7a2e7aa7738d5decdf0dd6c62680853c06	nonce=14	detail=over=50 roll=27.21
[2026-09-25 02:07:38]	settle	player=tester	game=DICE	stake=1000	payout=0	profit=-1000	clientSeed=client	serverSeedHash=b3eacd33433b31b5252351032c9b3e7a2e7aa7738d5decdf0dd6c62680853c06	nonce=15	detail=over=50 roll=13.73
[2026-09-25 02:07:38]	settle	player=tester	game=DICE	stake=1000	payout=0	profit=-1000	clientSeed=client	serverSeedHash=b3eacd33433b31b5252351032c9b3e7a2e7aa7738d5decdf0dd6c62680853c06	nonce=16	detail=over=50 roll=5.03
[2026-09-25 02:07:38]	settle	player=tester	game=DICE	stake=1000	payout=0	profit=-1000	clientSeed=client	serverSeedHash=b3eacd33433b31b5252351032c9b3e7a2e7aa7738d5decdf0dd6c62680853c06	nonce=17	detail=over=50 roll=19.22
[2026-09-25 02:07:38]	settle	player=tester	game=DICE	stake=1000	payout=1979	profit=979	clientSeed=client	serverSeedHash=b3eacd33433b31b5252351032c9b3e7a2e7aa7738d5decdf0dd6c62680853c06	nonce=18	detail=over=50 roll=96.25
[2026-09-25 02:07:38]	settle	player=tester	game=DICE	stake=1000	payout=1979	profit=979	clientSeed=client	serverSeedHash=b3eacd33433b31b5252351032c9b3e7a2e7aa7738d5decdf0dd6c62680853c06	nonce=19	detail=over=50 roll=86.59
[2026-09-25 02:07:38]	settle	player=tester	game=DICE	stake=1000	payout=0	profit=-1000	clientSeed=client	serverSeedHash=b3eacd33433b31b5252351032c9b3e7a2e7aa7738d5decdf0dd6c62680853c06	nonce=20	detail=over=50 roll=7.92
[2026-09-25 02:07:38]	settle	player=tester	game=DICE	stake=1000	payout=1979	profit=979	clientSeed=client	serverSeedHash=b3eacd33433b31b5252351032c9b3e7a2e7aa7738d5decdf0dd6c62680853c06	nonce=21	detail=over=50 roll=85.47
[2026-09-25 02:07:38]	settle	player=tester	game=DICE	stake=1000	payout=1979	profit=979	clientSeed=client	serverSeedHash=b3eacd33433b31b5252351032c9b3e7a2e7aa7738d5decdf0dd6c62680853c06	nonce=22	detail=over=50 roll=64.59
[2026-09-25 02:07:38]	settle	player=tester	game=DICE	stake=1000	payout=0	profit=-1000	clientSeed=client	serverSeedHash=b3eacd33433b31b5252351032c9b3e7a2e7aa7738d5decdf0dd6c62680853c06	nonce=23	detail=over=50 roll=17.06
[2026-09-25 02:07:38]	settle	player=tester	game=DICE	stake=1000	payout=0	profit=-1000	clientSeed=client	serverSeedHash=b3eacd33433b31b5252351032c9b3e7a2e7aa7738d5decdf0dd6c62680853c06	nonce=24	detail=over=50 roll=11.57
[2026-09-25 02:07:38]	settle	player=tester	game=DICE	stake=1000	payout=0	profit=-1000	clientSeed=client	serverSeedHash=b3eacd33433b31b5252351032c9b3e7a2e7aa7738d5decdf0dd6c62680853c06	nonce=25	detail=over=50 roll=23.74
[2026-09-25 02:07:38]	settle	player=tester	game=DICE	stake=1000	payout=0	profit=-1000	clientSeed=client	serverSeedHash=b3eacd33433b31b5252351032c9b3e7a2e7aa7738d5decdf0dd6c62680853c06	nonce=26	detail=over=50 roll=0.20
[2026-09-25 02:07:38]	settle	player=tester	game=DICE	stake=1000	payout=0	profit=-1000	clientSeed=client	serverSeedHash=b3eacd33433b31b5252351032c9b3e7a2e7aa7738d5decdf0dd6c62680853c06	nonce=27	detail=over=50 roll=46.63
[2026-09-25 02:07:38]	settle	player=tester	game=DICE	stake=1000	payout=1979	profit=979	clientSeed=client	serverSeedHash=b3eacd33433b31b5252351032c9b3e7a2e7aa7738d5decdf0dd6c62680853c06	nonce=28	detail=over=50 roll=63.44
[2026-09-25 02:07:38]	settle	player=tester	game=DICE	stake=1000	payout=1979	profit=979	clientSeed=client	serverSeedHash=b3eacd33433b31b5252351032c9b3e7a2e7aa7738d5decdf0dd6c62680853c06	nonce=29	detail=over=50 roll=65.42
